// Jest Snapshot v1, https://goo.gl/fbAQLP

exports[`pruebas deber√≠a mostrarse 1`] = `
<Fragment>
  <div>
    <PokeApp />
  </div>
</Fragment>
`;
